./.DS_Store
./andy/.svn
./artillery/.svn
./artilleryshot/.svn
./assets/.svn
./assets/andy/.svn
./assets/artillery/.svn
./assets/Environments/.svn
./assets/HQ/.svn
./assets/hrc/.svn
./assets/lri/.svn
./assets/ltank/.svn
./assets/mobilehq/.svn
./assets/mtank/.svn
./assets/mtower/.svn
./assets/proc/.svn
./assets/Radar/.svn
./assets/reactor/.svn
./assets/rtower/.svn
./assets/sexplosion/.svn
./assets/smoke/.svn
./assets/spi/.svn
./assets/sri/.svn
./assets/tmac/.svn
./assets/troc/.svn
./assets/vexplosion/.svn
./assets/walls/.svn
./assets/warehouse/.svn
./bitmaps/.svn
./Button font/.svn
./Environments/.svn
./fog/.svn
./HQ/.svn
./hrc/.svn
./Hudfont/.svn
./lri/.svn
./ltank/.svn
./miner/.DS_Store
./miner/.svn
./mobilehq/.svn
./mtank/.svn
./mtower/.svn
./proc/.svn
./Radar/.svn
./reactor/.svn
./Research/.svn
./rtower/.svn
./sexplosion/.svn
./Shadowfont/.svn
./smoke/.svn
./spi/.svn
./sri/.svn
./Standard font/.svn
./Title font/.svn
./tmac/.svn
./troc/.svn
./vexplosion/.svn
./wall/.svn
./warehouse/.svn
